2026/07/31 15:08:51 INFO  : webdav root 'Migration/Migration nextcloud.zircula.org': Running all checks before starting transfers
2026/07/31 15:09:21 NOTICE: 2026/07/31 15:09:21 -           0 B / 6.832 GiB, 0%, 0 B/s, ETA - (xfr#0/3)
2026/07/31 15:09:51 NOTICE: 2026/07/31 15:09:51 -           0 B / 10.960 GiB, 0%, 0 B/s, ETA - (xfr#0/6)
2026/07/31 15:10:21 NOTICE: 2026/07/31 15:10:21 -           0 B / 13.137 GiB, 0%, 0 B/s, ETA - (xfr#0/8)
2026/07/31 15:10:51 NOTICE: 2026/07/31 15:10:51 -           0 B / 13.137 GiB, 0%, 0 B/s, ETA - (xfr#0/8)
2026/07/31 15:11:21 NOTICE: 2026/07/31 15:11:21 -           0 B / 16.000 GiB, 0%, 0 B/s, ETA - (xfr#0/10)
2026/07/31 15:11:51 NOTICE: 2026/07/31 15:11:51 -           0 B / 17.192 GiB, 0%, 0 B/s, ETA - (xfr#0/11)
2026/07/31 15:11:56 INFO  : webdav root 'Migration/Migration nextcloud.zircula.org': Checks finished, now starting transfers
2026/07/31 15:12:21 NOTICE: 2026/07/31 15:12:21 -   262.984 MiB / 17.192 GiB, 1%, 10.556 MiB/s, ETA 27m22s (xfr#0/11)
2026/07/31 15:12:51 NOTICE: 2026/07/31 15:12:51 -   590.484 MiB / 17.192 GiB, 3%, 10.914 MiB/s, ETA 25m58s (xfr#0/11)
2026/07/31 15:13:21 NOTICE: 2026/07/31 15:13:21 -   915.984 MiB / 17.192 GiB, 5%, 10.896 MiB/s, ETA 25m31s (xfr#0/11)
2026/07/31 15:13:51 NOTICE: 2026/07/31 15:13:51 -     1.208 GiB / 17.192 GiB, 7%, 10.695 MiB/s, ETA 25m30s (xfr#0/11)
2026/07/31 15:14:21 NOTICE: 2026/07/31 15:14:21 -     1.526 GiB / 17.192 GiB, 9%, 10.836 MiB/s, ETA 24m40s (xfr#0/11)
2026/07/31 15:14:51 NOTICE: 2026/07/31 15:14:51 -     1.789 GiB / 17.192 GiB, 10%, 8.867 MiB/s, ETA 29m38s (xfr#0/11)
2026/07/31 15:15:21 NOTICE: 2026/07/31 15:15:21 -     2.108 GiB / 17.192 GiB, 12%, 10.652 MiB/s, ETA 24m9s (xfr#0/11)
2026/07/31 15:15:51 NOTICE: 2026/07/31 15:15:51 -     2.410 GiB / 17.192 GiB, 14%, 10.089 MiB/s, ETA 25m (xfr#0/11)
2026/07/31 15:16:21 NOTICE: 2026/07/31 15:16:21 -     2.702 GiB / 17.192 GiB, 16%, 10.292 MiB/s, ETA 24m1s (xfr#0/11)
2026/07/31 15:16:51 NOTICE: 2026/07/31 15:16:51 -     3.018 GiB / 17.192 GiB, 18%, 10.692 MiB/s, ETA 22m37s (xfr#0/11)
2026/07/31 15:17:21 NOTICE: 2026/07/31 15:17:21 -     3.337 GiB / 17.192 GiB, 19%, 10.883 MiB/s, ETA 21m43s (xfr#0/11)
2026/07/31 15:17:51 NOTICE: 2026/07/31 15:17:51 -     3.655 GiB / 17.192 GiB, 21%, 10.867 MiB/s, ETA 21m15s (xfr#0/11)
2026/07/31 15:18:21 NOTICE: 2026/07/31 15:18:21 -     3.911 GiB / 17.192 GiB, 23%, 9.533 MiB/s, ETA 23m46s (xfr#0/11)
2026/07/31 15:18:51 NOTICE: 2026/07/31 15:18:51 -     4.218 GiB / 17.192 GiB, 25%, 10.401 MiB/s, ETA 21m17s (xfr#0/11)
2026/07/31 15:19:21 NOTICE: 2026/07/31 15:19:21 -     4.533 GiB / 17.192 GiB, 26%, 10.591 MiB/s, ETA 20m23s (xfr#0/11)
2026/07/31 15:19:51 NOTICE: 2026/07/31 15:19:51 -     4.851 GiB / 17.192 GiB, 28%, 10.546 MiB/s, ETA 19m58s (xfr#0/11)
2026/07/31 15:20:21 NOTICE: 2026/07/31 15:20:21 -     5.148 GiB / 17.192 GiB, 30%, 9.989 MiB/s, ETA 20m34s (xfr#0/11)
2026/07/31 15:20:42 INFO  : Projekte/PR03_Einfach_Mal_Machen/005-22-Dez_PreciousPlastic-Bremen/2022-12-15_CAM-01_CARD-01_C3515-001.mov: Copied (new)
2026/07/31 15:20:51 NOTICE: 2026/07/31 15:20:51 -     5.412 GiB / 17.192 GiB, 31%, 10.181 MiB/s, ETA 19m44s (xfr#1/11)
2026/07/31 15:21:21 NOTICE: 2026/07/31 15:21:21 -     5.727 GiB / 17.192 GiB, 33%, 10.740 MiB/s, ETA 18m13s (xfr#1/11)
2026/07/31 15:21:51 NOTICE: 2026/07/31 15:21:51 -     6.041 GiB / 17.192 GiB, 35%, 10.869 MiB/s, ETA 17m30s (xfr#1/11)
2026/07/31 15:22:21 NOTICE: 2026/07/31 15:22:21 -     6.353 GiB / 17.192 GiB, 37%, 10.825 MiB/s, ETA 17m5s (xfr#1/11)
2026/07/31 15:22:51 NOTICE: 2026/07/31 15:22:51 -     6.670 GiB / 17.192 GiB, 39%, 10.882 MiB/s, ETA 16m30s (xfr#1/11)
2026/07/31 15:23:21 NOTICE: 2026/07/31 15:23:21 -     6.990 GiB / 17.192 GiB, 41%, 10.918 MiB/s, ETA 15m56s (xfr#1/11)
2026/07/31 15:23:28 INFO  : Projekte/PR02_Zircula_Trifft/PR02-01-21_Lars_Zimmermann/Produktion/Audio/21Y10M29/LARS_ZT07.WAV: Copied (new)
2026/07/31 15:23:51 NOTICE: 2026/07/31 15:23:51 -     7.307 GiB / 17.192 GiB, 43%, 10.836 MiB/s, ETA 15m34s (xfr#2/11)
2026/07/31 15:24:21 NOTICE: 2026/07/31 15:24:21 -     7.626 GiB / 17.192 GiB, 44%, 10.895 MiB/s, ETA 14m59s (xfr#2/11)
2026/07/31 15:24:51 NOTICE: 2026/07/31 15:24:51 -     7.947 GiB / 17.192 GiB, 46%, 10.967 MiB/s, ETA 14m23s (xfr#2/11)
2026/07/31 15:25:21 NOTICE: 2026/07/31 15:25:21 -     8.265 GiB / 17.192 GiB, 48%, 10.973 MiB/s, ETA 13m53s (xfr#2/11)
2026/07/31 15:25:25 INFO  : Projekte/PR03_Einfach_Mal_Machen/001-23_iPhone_8_Starthilfe/VID_20230101_201411.mp4: Copied (new)
2026/07/31 15:25:51 NOTICE: 2026/07/31 15:25:51 -     8.581 GiB / 17.192 GiB, 50%, 10.715 MiB/s, ETA 13m42s (xfr#3/11)
2026/07/31 15:26:21 NOTICE: 2026/07/31 15:26:21 -     8.903 GiB / 17.192 GiB, 52%, 10.908 MiB/s, ETA 12m58s (xfr#3/11)
2026/07/31 15:26:51 NOTICE: 2026/07/31 15:26:51 -     9.223 GiB / 17.192 GiB, 54%, 10.931 MiB/s, ETA 12m26s (xfr#3/11)
2026/07/31 15:27:21 NOTICE: 2026/07/31 15:27:21 -     9.526 GiB / 17.192 GiB, 55%, 10.197 MiB/s, ETA 12m49s (xfr#3/11)
2026/07/31 15:27:51 NOTICE: 2026/07/31 15:27:51 -     9.838 GiB / 17.192 GiB, 57%, 10.533 MiB/s, ETA 11m54s (xfr#3/11)
2026/07/31 15:28:21 NOTICE: 2026/07/31 15:28:21 -    10.158 GiB / 17.192 GiB, 59%, 10.865 MiB/s, ETA 11m2s (xfr#3/11)
2026/07/31 15:28:37 INFO  : Projekte/PR03_Einfach_Mal_Machen/iPhone 8 Starthilfe/VID_20230101_201411.mp4: Copied (new)
2026/07/31 15:28:51 NOTICE: 2026/07/31 15:28:51 -    10.474 GiB / 17.192 GiB, 61%, 10.857 MiB/s, ETA 10m33s (xfr#4/11)
2026/07/31 15:29:21 NOTICE: 2026/07/31 15:29:21 -    10.783 GiB / 17.192 GiB, 63%, 10.678 MiB/s, ETA 10m14s (xfr#4/11)
2026/07/31 15:29:51 NOTICE: 2026/07/31 15:29:51 -    11.102 GiB / 17.192 GiB, 65%, 10.808 MiB/s, ETA 9m37s (xfr#4/11)
2026/07/31 15:30:21 NOTICE: 2026/07/31 15:30:21 -    11.417 GiB / 17.192 GiB, 66%, 10.803 MiB/s, ETA 9m7s (xfr#4/11)
2026/07/31 15:30:34 INFO  : Projekte/PR02_Zircula_Trifft/PR02-01-21_Lars_Zimmermann/Produktion/Audio/21Y10M29/LARS_ZT06.WAV: Copied (new)
2026/07/31 15:30:51 NOTICE: 2026/07/31 15:30:51 -    11.733 GiB / 17.192 GiB, 68%, 10.739 MiB/s, ETA 8m40s (xfr#5/11)
2026/07/31 15:31:21 NOTICE: 2026/07/31 15:31:21 -    12.049 GiB / 17.192 GiB, 70%, 10.867 MiB/s, ETA 8m4s (xfr#5/11)
2026/07/31 15:31:34 INFO  : Projekte/PR15_Balkonkraftwerk/Z_PR015_Balkonkraftwerk_AllesMasterial_230608.mp4: Copied (new)
2026/07/31 15:31:51 NOTICE: 2026/07/31 15:31:51 -    12.354 GiB / 17.192 GiB, 72%, 10.337 MiB/s, ETA 7m59s (xfr#6/11)
2026/07/31 15:32:21 NOTICE: 2026/07/31 15:32:21 -    12.666 GiB / 17.192 GiB, 74%, 10.661 MiB/s, ETA 7m14s (xfr#6/11)
2026/07/31 15:32:51 NOTICE: 2026/07/31 15:32:51 -    12.979 GiB / 17.192 GiB, 75%, 10.675 MiB/s, ETA 6m44s (xfr#6/11)
2026/07/31 15:33:21 NOTICE: 2026/07/31 15:33:21 -    13.296 GiB / 17.192 GiB, 77%, 10.873 MiB/s, ETA 6m6s (xfr#6/11)
2026/07/31 15:33:51 NOTICE: 2026/07/31 15:33:51 -    13.610 GiB / 17.192 GiB, 79%, 10.826 MiB/s, ETA 5m38s (xfr#6/11)
2026/07/31 15:34:21 NOTICE: 2026/07/31 15:34:21 -    13.924 GiB / 17.192 GiB, 81%, 10.751 MiB/s, ETA 5m11s (xfr#6/11)
2026/07/31 15:34:51 NOTICE: 2026/07/31 15:34:51 -    14.236 GiB / 17.192 GiB, 83%, 10.738 MiB/s, ETA 4m41s (xfr#6/11)
2026/07/31 15:35:21 NOTICE: 2026/07/31 15:35:21 -    14.547 GiB / 17.192 GiB, 85%, 10.688 MiB/s, ETA 4m13s (xfr#6/11)
2026/07/31 15:35:51 NOTICE: 2026/07/31 15:35:51 -    14.859 GiB / 17.192 GiB, 86%, 10.610 MiB/s, ETA 3m45s (xfr#6/11)
2026/07/31 15:36:04 INFO  : Projekte/PR22_ZBanner/Entwürfe/Z_Banner_3.psd: Copied (new)
2026/07/31 15:36:21 NOTICE: 2026/07/31 15:36:21 -    15.165 GiB / 17.192 GiB, 88%, 10.355 MiB/s, ETA 3m20s
2026/07/31 15:36:26 INFO  : Projekte/PR22_ZBanner/Entwürfe/Z_Banner_2e.psd: Copied (new)
2026/07/31 15:36:51 NOTICE: 2026/07/31 15:36:51 -    15.483 GiB / 17.192 GiB, 90%, 10.772 MiB/s, ETA 2m42s
2026/07/31 15:37:21 NOTICE: 2026/07/31 15:37:21 -    15.796 GiB / 17.192 GiB, 92%, 10.761 MiB/s, ETA 2m12s
2026/07/31 15:37:46 INFO  : Projekte/PR35_99min/250527-KuBiEvent-Praesi.key: Copied (new)
2026/07/31 15:37:51 NOTICE: 2026/07/31 15:37:51 -    16.111 GiB / 17.192 GiB, 94%, 11.023 MiB/s, ETA 1m40s
2026/07/31 15:38:16 INFO  : Projekte/PR37_Schoeneberg_Hocker/complete_edit_10_youtube_upload.mp4: Copied (new)
2026/07/31 15:38:21 NOTICE: 2026/07/31 15:38:21 -    16.429 GiB / 17.192 GiB, 96%, 10.946 MiB/s, ETA 1m11s
2026/07/31 15:38:51 NOTICE: 2026/07/31 15:38:51 -    16.704 GiB / 17.192 GiB, 97%, 8.440 MiB/s, ETA 59s
2026/07/31 15:39:21 NOTICE: 2026/07/31 15:39:21 -    17.005 GiB / 17.192 GiB, 99%, 10.417 MiB/s, ETA 18s
2026/07/31 15:39:45 INFO  : Projekte/PR51_Radio-NOL/Sounds/Stay tuned 0326.wav: Copied (new)
2026/07/31 15:39:45 NOTICE: 2026/07/31 15:39:45 -    17.192 GiB / 17.192 GiB, 100%, 7.166 MiB/s, ETA 0s
